[samo.thebank.vn/safemoving.html]
[backblue.gif]
[fade.gif]
[index.html]
[ucarecdn.com/libs/blinkloader/3.x/blinkloader.min.js]
[styles.assets-landingi.com/assets/css/2.14-landend-base.css]
[styles.assets-landingi.com/7qVfLarS/base.css]
[scripts.assets-landingi.com/landend/lazysizes.min.js]
[scripts.assets-landingi.com/lightboxes/lightbox-renderd6c5.js]
[images.assets-landingi.com/uc/e1665dc7-6694-48ce-9e73-ed65ceada26a/VIB_nh.png]
[images.assets-landingi.com/uc/620cd59f-71bc-40bd-a80a-4c68cc80f52e/sunLife.png]
[images.assets-landingi.com/uc/8940195e-3934-4402-a705-c9f6fd2bc8f4/chubb.png]
[images.assets-landingi.com/uc/cc6e6ab2-9980-429e-9716-376b74dc3b59/VIB_baoHiem.png]
[images.assets-landingi.com/uc/eaf17e64-cf54-490d-88a6-8825e30b9250/VIB_bh.png]
[images.assets-landingi.com/uc/38651b4d-fa45-4a95-aa22-ddc4b767bd5b/card2.jpg]
[samo.thebank.vn/safe-moving-nhap-thong-tin.html]
[images.assets-landingi.com/uc/49df0791-c185-484d-a3a5-1f31bea16665/card3.jpg]
[images.assets-landingi.com/uc/49044bc6-4f06-449f-a5fe-d0ca1980f743/card1.jpg]
[images.assets-landingi.com/uc/cc5a69ba-a8f5-4eea-b8ee-806e792fa659/card4.jpg]
[images.assets-landingi.com/uc/45c465c5-9483-4d64-b70a-221f9391e151/card5.jpg]
[images.assets-landingi.com/uc/2f983ebb-5979-4728-b4e2-23661fc2749b/image (3).png]
[images.assets-landingi.com/uc/5d7fa034-aa2e-486e-83f4-b52ed32e20ca/image (4).png]
[images.assets-landingi.com/uc/5f463e7a-40e2-4b44-a926-7483deb1466c/image (5).png]
[samo.thebank.vn/cdn-cgi/l/email-protection.html]
[samo.thebank.vn/cdn-cgi/scripts/5c5dd728/cloudflare-static/email-decode.min.js]
[assetslp.link/assets/js/landend/jquery-3-6-0.min.js]
[old.assets-landingi.com/bootstrap/js/landend.bootstrap.min.js]
[scripts.assets-landingi.com/webview/webview.1.0.2.js]
[old.assets-landingi.com/assets/js/dist/landend/300123/landend.js]
[old.assets-landingi.com/assets/js/landend/anchors/v02.js]
[scripts.assets-landingi.com/landend/160721/files.js]
[old.assets-landingi.com/assets/js/vendor/jquery-form/jquery.form.min.js]
[scripts.assets-landingi.com/landend/250423/landend.min.js]
[samo.thebank.vn/safemoving.html]
[styles.assets-landingi.com/assets/css/2.14-landend-base.css]
[old.assets-landingi.com/assets/js/landend/260820/validation.js]
[images.assets-landingi.com/uc/9279e562-8e7f-40af-abd4-9eb150625e44/background.jpg]
[styles.assets-landingi.com/7qVfLarS/base.css]
[styles.assets-landingi.com/BBGwgY0K/base.css]
[styles.assets-landingi.com/58bc6714-a49e-4f08-8eea-c90bd98909cd/body_2023-05-15-08-28-37.css]
[scripts.assets-landingi.com/lightboxes/lightbox-render02c0.js]
[samo.thebank.vn/safe-moving-nhap-thong-tin.html]
[samo.thebank.vn/cdn-cgi/l/email-protection.html]
[old.assets-landingi.com/bootstrap/js/landend.bootstrap.min.js]
[styles.assets-landingi.com/BBGwgY0K/base.css]
[styles.assets-landingi.com/58bc6714-a49e-4f08-8eea-c90bd98909cd/body_2023-05-15-08-28-37.css]
